{
  "schema_version": 1,
  "data_dir": "[TEST_HOME]/coding-agent-search",
  "quarantined_conversations": 0,
  "circuit_breaker_active": false,
  "recommended_action": null,
  "status": {
    "total_excluded_conversations": 0,
    "by_cause": {},
    "by_version_bucket": {},
    "by_schema_version": {},
    "by_eligibility": {},
    "source_missing_count": 0,
    "retryable_now": 0,
    "representative_entries": [],
    "eligibility_reason": "no quarantined conversations",
    "next_safe_command": "cass status --json"
  },
  "entries": []
}