---
source: tests/tui_flows.rs
expression: "flow_snapshot(&app, \"search_to_detail_snippets_tab\", \"authentication <SearchCompleted:1 hit> <Enter> <Tab>\")"
---
flow: search_to_detail_snippets_tab
keys: authentication <SearchCompleted:1 hit> <Enter> <Tab>
state: query="authentication" detail_open=true detail_tab=Snippets find_query="authentication" palette_visible=false theme_dark=true status="Loaded 1 results in 7ms"
--- frame ---
 ▐ Search ▌  · Analytics   · Sources  | Alt+A=analytics  Ctrl+Shift+S=sources  Ctrl+P=palette  F1=
╭╭ Detail · Snippets ↩ ───────────────────────────────────────────────────────────────────────────╮╮
││  Messages  │  ▐Snippets▌  │  Raw  │  Json  │  Analytics  │  Export                             ││
││Snippets                                                                                        ││
╰│                                                                                                │╯
╭│Message 1 (User)                                                                                │╮
││  src/auth.rs                                                                                   ││
││                                                                                                ││
││                                                                                                ││
││                                                                                                ││
││                                                                                                ││
││                                                                                                ││
││                                                                                                ││
││                                                                                                ││
││                                                                                                ││
││                                                                                                ││
││                                                                                                ││
││                                                                                                ││
││                                                                                                ││
││                                                                                                ││
││                                                                                                ││
││                                                                                                ││
││                                                                                                ││
││                                                                                                ││
││─ Find / ───────────────────────────────────────────────────────────────────────────────────────││
╰│─/authentication (0/0 no matches) · Enter next · n/N prev · Esc close                          ─│╯
 ╰────────────────────────────────────────────────────────────────────────────────────────────────╯
  | Tab=next Space=toggle
